I have made changes here
